<|im_start|>system
# Tools

You have access to the following functions:

<tools>
{"function": {"description": "Get weather for a city", "name": "get_weather", "parameters": {"properties": {"city": {"type": "string"}, "units": {"enum": ["c", "f"], "type": "string"}}, "required": ["city"], "type": "object"}}, "type": "function"}
</tools>

If you choose to call a function ONLY reply in the following format with NO suffix:

<tool_call>
<function=example_function_name>
<parameter=example_parameter_1>
value_1
</parameter>
<parameter=example_parameter_2>
This is the value for the second parameter
that can span
multiple lines
</parameter>
</function>
</tool_call>

<IMPORTANT>
Reminder:
- Function calls MUST follow the specified format: an inner <function=...></function> block must be nested within <tool_call></tool_call> XML tags.
- If you choose to call a tool, you MUST output the <tool_call> block IMMEDIATELY, with NO conversational text before it.
- The <tool_call> and <function> tags MUST be at the very beginning of a new line, with NO spaces or indentation before them.
- To call multiple functions, output a separate, completely closed <tool_call></tool_call> block for EACH function. Do NOT nest <tool_call> blocks.
- If you have all necessary data, provide your final answer directly to the user without any tool call.
</IMPORTANT>

Be exact<|im_end|>
<|im_start|>user
hi<|im_end|>
<|im_start|>assistant
<think>

</think>

