<|im_start|>system
# Tools

You have access to the following functions:

<tools>
{"function": {"description": "Get weather for a city", "name": "get_weather", "parameters": {"properties": {"city": {"type": "string"}, "units": {"enum": ["c", "f"], "type": "string"}}, "required": ["city"], "type": "object"}}, "type": "function"}
</tools>

If you choose to call a function ONLY reply in the following format with NO suffix:

<think>
Brief explanation of tool call
</think>
<tool_call>
<function=example_function_name>
<parameter=example_parameter_1>
value_1
</parameter>
<parameter=example_parameter_2>
This is the value for the second parameter
that can span
multiple lines
</parameter>
</function>
</tool_call>

<IMPORTANT>
Reminder:
- You can use the <think></think> block to plan your next tool call OR to synthesize data and formulate your final response to the user.
- ALL explanation and reasoning MUST be placed strictly inside the <think></think> block.
- Function calls MUST follow the specified format: an inner <function=...></function> block must be nested within <tool_call></tool_call> XML tags.
- If you choose to call a tool, you MUST output the <tool_call> block IMMEDIATELY after thinking, with NO conversational text before it.
- The <tool_call> and <function> tags MUST be at the very beginning of a new line, with NO spaces or indentation before them.
- To call multiple functions, output a separate, completely closed <tool_call></tool_call> block for EACH function. Do NOT nest <tool_call> blocks.
- If you have all necessary data, provide your final answer directly to the user without any tool call.
</IMPORTANT><|im_end|>
<|im_start|>user
q<|im_end|>
<|im_start|>assistant
<think>
r0
</think>

<tool_call>
<function=f>
<parameter=i>
0
</parameter>
</function>
</tool_call><|im_end|>
<|im_start|>user
<tool_response>
ok 0
</tool_response><|im_end|>
<|im_start|>assistant
<think>
r1
</think>

<tool_call>
<function=f>
<parameter=i>
1
</parameter>
</function>
</tool_call><|im_end|>
<|im_start|>user
<tool_response>
ok 1
</tool_response><|im_end|>
<|im_start|>assistant
<think>
r2
</think>

<tool_call>
<function=f>
<parameter=i>
2
</parameter>
</function>
</tool_call><|im_end|>
<|im_start|>user
<tool_response>
ok 2
</tool_response><|im_end|>
<|im_start|>assistant
<think>
r3
</think>

<tool_call>
<function=f>
<parameter=i>
3
</parameter>
</function>
</tool_call><|im_end|>
<|im_start|>user
<tool_response>
ok 3
</tool_response><|im_end|>
<|im_start|>assistant
<think>
r4
</think>

<tool_call>
<function=f>
<parameter=i>
4
</parameter>
</function>
</tool_call><|im_end|>
<|im_start|>user
<tool_response>
ok 4
</tool_response><|im_end|>
<|im_start|>assistant
<think>
r5
</think>

<tool_call>
<function=f>
<parameter=i>
5
</parameter>
</function>
</tool_call><|im_end|>
<|im_start|>user
<tool_response>
ok 5
</tool_response><|im_end|>
<|im_start|>assistant
<think>
r6
</think>

<tool_call>
<function=f>
<parameter=i>
6
</parameter>
</function>
</tool_call><|im_end|>
<|im_start|>user
<tool_response>
ok 6
</tool_response><|im_end|>
<|im_start|>assistant
<think>
r7
</think>

<tool_call>
<function=f>
<parameter=i>
7
</parameter>
</function>
</tool_call><|im_end|>
<|im_start|>user
<tool_response>
ok 7
</tool_response><|im_end|>
<|im_start|>assistant
<think>
r8
</think>

<tool_call>
<function=f>
<parameter=i>
8
</parameter>
</function>
</tool_call><|im_end|>
<|im_start|>user
<tool_response>
ok 8
</tool_response><|im_end|>
<|im_start|>assistant
<think>
r9
</think>

<tool_call>
<function=f>
<parameter=i>
9
</parameter>
</function>
</tool_call><|im_end|>
<|im_start|>user
<tool_response>
ok 9
</tool_response><|im_end|>
<|im_start|>assistant
<think>
r10
</think>

<tool_call>
<function=f>
<parameter=i>
10
</parameter>
</function>
</tool_call><|im_end|>
<|im_start|>user
<tool_response>
ok 10
</tool_response><|im_end|>
<|im_start|>assistant
<think>
r11
</think>

<tool_call>
<function=f>
<parameter=i>
11
</parameter>
</function>
</tool_call><|im_end|>
<|im_start|>user
<tool_response>
ok 11
</tool_response><|im_end|>
<|im_start|>assistant
<think>
r12
</think>

<tool_call>
<function=f>
<parameter=i>
12
</parameter>
</function>
</tool_call><|im_end|>
<|im_start|>user
<tool_response>
ok 12
</tool_response><|im_end|>
<|im_start|>assistant
<think>
r13
</think>

<tool_call>
<function=f>
<parameter=i>
13
</parameter>
</function>
</tool_call><|im_end|>
<|im_start|>user
<tool_response>
ok 13
</tool_response><|im_end|>
<|im_start|>assistant
<think>
r14
</think>

<tool_call>
<function=f>
<parameter=i>
14
</parameter>
</function>
</tool_call><|im_end|>
<|im_start|>user
<tool_response>
ok 14
</tool_response><|im_end|>
<|im_start|>assistant
<think>
r15
</think>

<tool_call>
<function=f>
<parameter=i>
15
</parameter>
</function>
</tool_call><|im_end|>
<|im_start|>user
<tool_response>
ok 15
</tool_response><|im_end|>
<|im_start|>assistant
<think>
r16
</think>

<tool_call>
<function=f>
<parameter=i>
16
</parameter>
</function>
</tool_call><|im_end|>
<|im_start|>user
<tool_response>
ok 16
</tool_response><|im_end|>
<|im_start|>assistant
<think>
r17
</think>

<tool_call>
<function=f>
<parameter=i>
17
</parameter>
</function>
</tool_call><|im_end|>
<|im_start|>user
<tool_response>
ok 17
</tool_response><|im_end|>
<|im_start|>assistant
<think>
r18
</think>

<tool_call>
<function=f>
<parameter=i>
18
</parameter>
</function>
</tool_call><|im_end|>
<|im_start|>user
<tool_response>
ok 18
</tool_response><|im_end|>
<|im_start|>assistant
<think>
r19
</think>

<tool_call>
<function=f>
<parameter=i>
19
</parameter>
</function>
</tool_call><|im_end|>
<|im_start|>user
<tool_response>
ok 19
</tool_response><|im_end|>
<|im_start|>assistant
<think>
r20
</think>

<tool_call>
<function=f>
<parameter=i>
20
</parameter>
</function>
</tool_call><|im_end|>
<|im_start|>user
<tool_response>
ok 20
</tool_response><|im_end|>
<|im_start|>assistant
<think>
r21
</think>

<tool_call>
<function=f>
<parameter=i>
21
</parameter>
</function>
</tool_call><|im_end|>
<|im_start|>user
<tool_response>
ok 21
</tool_response><|im_end|>
<|im_start|>assistant
<think>
r22
</think>

<tool_call>
<function=f>
<parameter=i>
22
</parameter>
</function>
</tool_call><|im_end|>
<|im_start|>user
<tool_response>
ok 22
</tool_response><|im_end|>
<|im_start|>assistant
<think>
r23
</think>

<tool_call>
<function=f>
<parameter=i>
23
</parameter>
</function>
</tool_call><|im_end|>
<|im_start|>user
<tool_response>
ok 23
</tool_response><|im_end|>
<|im_start|>assistant
<think>
r24
</think>

<tool_call>
<function=f>
<parameter=i>
24
</parameter>
</function>
</tool_call><|im_end|>
<|im_start|>user
<tool_response>
ok 24
</tool_response><|im_end|>
<|im_start|>assistant
<think>
r25
</think>

<tool_call>
<function=f>
<parameter=i>
25
</parameter>
</function>
</tool_call><|im_end|>
<|im_start|>user
<tool_response>
ok 25
</tool_response><|im_end|>
<|im_start|>assistant
<think>
r26
</think>

<tool_call>
<function=f>
<parameter=i>
26
</parameter>
</function>
</tool_call><|im_end|>
<|im_start|>user
<tool_response>
ok 26
</tool_response><|im_end|>
<|im_start|>assistant
<think>
final
</think>

done<|im_end|>
<|im_start|>assistant
<think>
