<|im_start|>system
# Tools

You have access to the following functions:

<tools>
{"function": {"description": "Get weather for a city", "name": "get_weather", "parameters": {"properties": {"city": {"type": "string"}, "units": {"enum": ["c", "f"], "type": "string"}}, "required": ["city"], "type": "object"}}, "type": "function"}
</tools>

If you choose to call a function ONLY reply in the following format with NO suffix:

<think>
Brief explanation of tool call
</think>
<tool_call>
{"name": "example_function_name", "arguments": {"example_parameter_1": "value_1", "example_parameter_2": "This is the value for the second parameter"}}
</tool_call>

<IMPORTANT>
Reminder:
- You can use the <think></think> block to plan your next tool call OR to synthesize data and formulate your final response to the user.
- ALL explanation and reasoning MUST be placed strictly inside the <think></think> block.
- Function calls MUST follow the specified format: a single JSON object with "name" and "arguments" keys inside <tool_call></tool_call> XML tags.
- If you choose to call a tool, you MUST output the <tool_call> block IMMEDIATELY after thinking, with NO conversational text before it.
- The <tool_call> tag MUST be at the very beginning of a new line, with NO spaces or indentation before it.
- To call multiple functions, output a separate, completely closed <tool_call></tool_call> block for EACH function. Do NOT nest <tool_call> blocks.
- If you have all necessary data, provide your final answer directly to the user without any tool call.
</IMPORTANT><|im_end|>
<|im_start|>user
q<|im_end|>
<|im_start|>assistant
<think>

</think>

<tool_call>
{"name": "f", "arguments": {"s": "\u0000\u0001\u0002\u0003\u0004\u0005\u0006\u0007\b\t\n\u000b\f\r\u000e\u000f\u0010\u0011\u0012\u0013\u0014\u0015\u0016\u0017\u0018\u0019\u001a\u001b\u001c\u001d\u001e\u001f\u007f~ \u00e9\ud83d\ude00"}}
</tool_call><|im_end|>
<|im_start|>assistant
<think>
